[ 12%] Building CXX object CMakeFiles/test_tools.dir/tests/test_tools.cpp.o
[ 25%] Building CXX object CMakeFiles/pi.dir/src/main.cpp.o
[ 37%] Building CXX object CMakeFiles/test_loop_offline.dir/tests/test_loop_offline.cpp.o
[ 62%] Built target test_session
In file included from /workspace/src/core/jsonutil.hpp:6,
                 from /workspace/src/core/tools.hpp:4,
                 from /workspace/tests/test_tools.cpp:1:
/workspace/vendor/json.h:62: warning: "json_weak" redefined
   62 | #define json_weak JSON_ATTRIBUTE(weak)
      | 
/workspace/src/core/jsonutil.hpp:4: note: this is the location of the previous definition
    4 | #define json_weak __attribute__((unused))  // header-only use: silence weak-symbol attr
      | 
In file included from /workspace/src/core/jsonutil.hpp:6,
                 from /workspace/src/core/session.hpp:4,
                 from /workspace/src/core/context.hpp:4,
                 from /workspace/src/core/agent.hpp:3,
                 from /workspace/src/main.cpp:4:
/workspace/vendor/json.h:62: warning: "json_weak" redefined
   62 | #define json_weak JSON_ATTRIBUTE(weak)
      | 
/workspace/src/core/jsonutil.hpp:4: note: this is the location of the previous definition
    4 | #define json_weak __attribute__((unused))  // header-only use: silence weak-symbol attr
      | 
In file included from /workspace/src/core/jsonutil.hpp:6,
                 from /workspace/src/core/session.hpp:4,
                 from /workspace/src/core/context.hpp:4,
                 from /workspace/src/core/agent.hpp:3,
                 from /workspace/tests/test_loop_offline.cpp:4:
/workspace/vendor/json.h:62: warning: "json_weak" redefined
   62 | #define json_weak JSON_ATTRIBUTE(weak)
      | 
/workspace/src/core/jsonutil.hpp:4: note: this is the location of the previous definition
    4 | #define json_weak __attribute__((unused))  // header-only use: silence weak-symbol attr
      | 
/workspace/src/core/tools.hpp: In lambda function:
/workspace/src/core/tools.hpp:126:55: error: too many arguments to function ‘std::string pi::jarg(json_value_s*, const char*)’
  126 |         std::string pat=jarg(d.root,"pattern"), p=jarg(d.root,"path",cwd);
      |                                                   ~~~~^~~~~~~~~~~~~~~~~~~
/workspace/src/core/tools.hpp:26:20: note: declared here
   26 | inline std::string jarg(json_value_s* root, const char* key) {
      |                    ^~~~
/workspace/src/core/tools.hpp: In lambda function:
/workspace/src/core/tools.hpp:136:50: error: too many arguments to function ‘std::string pi::jarg(json_value_s*, const char*)’
  136 |         std::string g=jarg(d.root,"glob"), p=jarg(d.root,"path",cwd);
      |                                              ~~~~^~~~~~~~~~~~~~~~~~~
/workspace/src/core/tools.hpp:26:20: note: declared here
   26 | inline std::string jarg(json_value_s* root, const char* key) {
      |                    ^~~~
make[2]: *** [CMakeFiles/test_tools.dir/build.make:76: CMakeFiles/test_tools.dir/tests/test_tools.cpp.o] Error 1
make[1]: *** [CMakeFiles/Makefile2:141: CMakeFiles/test_tools.dir/all] Error 2
make[1]: *** Waiting for unfinished jobs....
In file included from /workspace/src/core/context.hpp:5:
/workspace/src/core/tools.hpp: In lambda function:
/workspace/src/core/tools.hpp:126:55: error: too many arguments to function ‘std::string pi::jarg(json_value_s*, const char*)’
  126 |         std::string pat=jarg(d.root,"pattern"), p=jarg(d.root,"path",cwd);
      |                                                   ~~~~^~~~~~~~~~~~~~~~~~~
/workspace/src/core/tools.hpp:26:20: note: declared here
   26 | inline std::string jarg(json_value_s* root, const char* key) {
      |                    ^~~~
/workspace/src/core/tools.hpp: In lambda function:
/workspace/src/core/tools.hpp:136:50: error: too many arguments to function ‘std::string pi::jarg(json_value_s*, const char*)’
  136 |         std::string g=jarg(d.root,"glob"), p=jarg(d.root,"path",cwd);
      |                                              ~~~~^~~~~~~~~~~~~~~~~~~
/workspace/src/core/tools.hpp:26:20: note: declared here
   26 | inline std::string jarg(json_value_s* root, const char* key) {
      |                    ^~~~
In file included from /workspace/src/core/context.hpp:5:
/workspace/src/core/tools.hpp: In lambda function:
/workspace/src/core/tools.hpp:126:55: error: too many arguments to function ‘std::string pi::jarg(json_value_s*, const char*)’
  126 |         std::string pat=jarg(d.root,"pattern"), p=jarg(d.root,"path",cwd);
      |                                                   ~~~~^~~~~~~~~~~~~~~~~~~
/workspace/src/core/tools.hpp:26:20: note: declared here
   26 | inline std::string jarg(json_value_s* root, const char* key) {
      |                    ^~~~
/workspace/src/core/tools.hpp: In lambda function:
/workspace/src/core/tools.hpp:136:50: error: too many arguments to function ‘std::string pi::jarg(json_value_s*, const char*)’
  136 |         std::string g=jarg(d.root,"glob"), p=jarg(d.root,"path",cwd);
      |                                              ~~~~^~~~~~~~~~~~~~~~~~~
/workspace/src/core/tools.hpp:26:20: note: declared here
   26 | inline std::string jarg(json_value_s* root, const char* key) {
      |                    ^~~~
/workspace/src/main.cpp: In function ‘int main(int, char**)’:
/workspace/src/main.cpp:45:36: error: expected unqualified-id before ‘&’ token
   45 |   } catch (const cxxopts::Exception& e) {
      |                                    ^
/workspace/src/main.cpp:45:36: error: expected ‘)’ before ‘&’ token
   45 |   } catch (const cxxopts::Exception& e) {
      |           ~                        ^
      |                                    )
/workspace/src/main.cpp:45:36: error: expected ‘{’ before ‘&’ token
/workspace/src/main.cpp:45:38: error: ‘e’ was not declared in this scope
   45 |   } catch (const cxxopts::Exception& e) {
      |                                      ^
make[2]: *** [CMakeFiles/test_loop_offline.dir/build.make:76: CMakeFiles/test_loop_offline.dir/tests/test_loop_offline.cpp.o] Error 1
make[1]: *** [CMakeFiles/Makefile2:167: CMakeFiles/test_loop_offline.dir/all] Error 2
make[2]: *** [CMakeFiles/pi.dir/build.make:76: CMakeFiles/pi.dir/src/main.cpp.o] Error 1
make[1]: *** [CMakeFiles/Makefile2:89: CMakeFiles/pi.dir/all] Error 2
make: *** [Makefile:101: all] Error 2
